[INFO] Scanning for projects...
[WARNING] 
[WARNING] Some problems were encountered while building the effective model for com.agriinvest:platform:jar:0.0.1-SNAPSHOT
[WARNING] 'dependencies.dependency.(groupId:artifactId:type:classifier)' must be unique: org.springframework.boot:spring-boot-starter-security:jar -> duplicate declaration of version (?) @ line 59, column 15
[WARNING] 
[WARNING] It is highly recommended to fix these problems because they threaten the stability of your build.
[WARNING] 
[WARNING] For this reason, future Maven versions might no longer support building such malformed projects.
[WARNING] 
[INFO] 
[INFO] ----------------------< com.agriinvest:platform >-----------------------
[INFO] Building platform 0.0.1-SNAPSHOT
[INFO]   from pom.xml
[INFO] --------------------------------[ jar ]---------------------------------
[INFO] 
[INFO] >>> spring-boot:3.2.4:run (default-cli) > test-compile @ platform >>>
[INFO] 
[INFO] --- resources:3.3.1:resources (default-resources) @ platform ---
[INFO] Copying 1 resource from src\main\resources to target\classes
[INFO] Copying 1 resource from src\main\resources to target\classes
[INFO] 
[INFO] --- compiler:3.11.0:compile (default-compile) @ platform ---
[INFO] Nothing to compile - all classes are up to date
[INFO] 
[INFO] --- resources:3.3.1:testResources (default-testResources) @ platform ---
[INFO] skip non existing resourceDirectory C:\platform\src\test\resources
[INFO] 
[INFO] --- compiler:3.11.0:testCompile (default-testCompile) @ platform ---
[INFO] Nothing to compile - all classes are up to date
[INFO] 
[INFO] <<< spring-boot:3.2.4:run (default-cli) < test-compile @ platform <<<
[INFO] 
[INFO] 
[INFO] --- spring-boot:3.2.4:run (default-cli) @ platform ---
[INFO] Attaching agents: []

  .   ____          _            __ _ _
 /\\ / ___'_ __ _ _(_)_ __  __ _ \ \ \ \
( ( )\___ | '_ | '_| | '_ \/ _` | \ \ \ \
 \\/  ___)| |_)| | | | | || (_| |  ) ) ) )
  '  |____| .__|_| |_|_| |_\__, | / / / /
 =========|_|==============|___/=/_/_/_/
 :: Spring Boot ::                (v3.2.4)

2026-04-30T17:48:57.358+05:30  INFO 27360 --- [platform] [           main] c.a.platform.PlatformApplication         : Starting PlatformApplication using Java 25.0.2 with PID 27360 (C:\platform\target\classes started by mhari in C:\platform)
2026-04-30T17:48:57.361+05:30  INFO 27360 --- [platform] [           main] c.a.platform.PlatformApplication         : No active profile set, falling back to 1 default profile: "default"
2026-04-30T17:48:59.163+05:30  INFO 27360 --- [platform] [           main] .s.d.r.c.RepositoryConfigurationDelegate : Bootstrapping Spring Data JPA repositories in DEFAULT mode.
2026-04-30T17:48:59.326+05:30  INFO 27360 --- [platform] [           main] .s.d.r.c.RepositoryConfigurationDelegate : Finished Spring Data repository scanning in 148 ms. Found 7 JPA repository interfaces.
WARNING: A restricted method in java.lang.System has been called
WARNING: java.lang.System::load has been called by org.apache.tomcat.jni.Library in an unnamed module (file:/C:/Users/mhari/.m2/repository/org/apache/tomcat/embed/tomcat-embed-core/10.1.19/tomcat-embed-core-10.1.19.jar)
WARNING: Use --enable-native-access=ALL-UNNAMED to avoid a warning for callers in this module
WARNING: Restricted methods will be blocked in a future release unless native access is enabled

2026-04-30T17:49:00.380+05:30  INFO 27360 --- [platform] [           main] o.s.b.w.embedded.tomcat.TomcatWebServer  : Tomcat initialized with port 8082 (http)
2026-04-30T17:49:00.419+05:30  INFO 27360 --- [platform] [           main] o.apache.catalina.core.StandardService   : Starting service [Tomcat]
2026-04-30T17:49:00.420+05:30  INFO 27360 --- [platform] [           main] o.apache.catalina.core.StandardEngine    : Starting Servlet engine: [Apache Tomcat/10.1.19]
2026-04-30T17:49:00.535+05:30  INFO 27360 --- [platform] [           main] o.a.c.c.C.[Tomcat].[localhost].[/]       : Initializing Spring embedded WebApplicationContext
2026-04-30T17:49:00.537+05:30  INFO 27360 --- [platform] [           main] w.s.c.ServletWebServerApplicationContext : Root WebApplicationContext: initialization completed in 3097 ms
2026-04-30T17:49:00.656+05:30  INFO 27360 --- [platform] [           main] com.zaxxer.hikari.HikariDataSource       : HikariPool-1 - Starting...
2026-04-30T17:49:00.971+05:30  INFO 27360 --- [platform] [           main] com.zaxxer.hikari.pool.HikariPool        : HikariPool-1 - Added connection org.postgresql.jdbc.PgConnection@342e690b
2026-04-30T17:49:00.975+05:30  INFO 27360 --- [platform] [           main] com.zaxxer.hikari.HikariDataSource       : HikariPool-1 - Start completed.
2026-04-30T17:49:01.122+05:30  INFO 27360 --- [platform] [           main] o.hibernate.jpa.internal.util.LogHelper  : HHH000204: Processing PersistenceUnitInfo [name: default]
2026-04-30T17:49:01.239+05:30  INFO 27360 --- [platform] [           main] org.hibernate.Version                    : HHH000412: Hibernate ORM core version 6.4.4.Final
2026-04-30T17:49:01.316+05:30  INFO 27360 --- [platform] [           main] o.h.c.internal.RegionFactoryInitiator    : HHH000026: Second-level cache disabled
2026-04-30T17:49:01.712+05:30  INFO 27360 --- [platform] [           main] o.s.o.j.p.SpringPersistenceUnitInfo      : No LoadTimeWeaver setup: ignoring JPA class transformer
2026-04-30T17:49:03.503+05:30  INFO 27360 --- [platform] [           main] o.h.e.t.j.p.i.JtaPlatformInitiator       : HHH000489: No JTA platform available (set 'hibernate.transaction.jta.platform' to enable JTA platform integration)
2026-04-30T17:49:03.715+05:30  INFO 27360 --- [platform] [           main] j.LocalContainerEntityManagerFactoryBean : Initialized JPA EntityManagerFactory for persistence unit 'default'
2026-04-30T17:49:04.419+05:30  INFO 27360 --- [platform] [           main] o.s.d.j.r.query.QueryEnhancerFactory     : Hibernate is in classpath; If applicable, HQL parser will be used.
2026-04-30T17:49:05.849+05:30  WARN 27360 --- [platform] [           main] JpaBaseConfiguration$JpaWebConfiguration : spring.jpa.open-in-view is enabled by default. Therefore, database queries may be performed during view rendering. Explicitly configure spring.jpa.open-in-view to disable this warning
2026-04-30T17:49:06.381+05:30  INFO 27360 --- [platform] [           main] o.s.s.web.DefaultSecurityFilterChain     : Will secure any request with [org.springframework.security.web.session.DisableEncodeUrlFilter@735b638, org.springframework.security.web.context.request.async.WebAsyncManagerIntegrationFilter@baee849, org.springframework.security.web.context.SecurityContextHolderFilter@4e44f582, org.springframework.security.web.header.HeaderWriterFilter@70fd1f5c, org.springframework.web.filter.CorsFilter@63734973, org.springframework.security.web.authentication.logout.LogoutFilter@4fd1458d, com.agriinvest.platform.security.JwtAuthenticationFilter@25e24908, org.springframework.security.web.authentication.www.BasicAuthenticationFilter@41d9b9de, org.springframework.security.web.savedrequest.RequestCacheAwareFilter@6e886e25, org.springframework.security.web.servletapi.SecurityContextHolderAwareRequestFilter@6a47f34c, org.springframework.security.web.authentication.AnonymousAuthenticationFilter@17f856a3, org.springframework.security.web.access.ExceptionTranslationFilter@2e51e263, org.springframework.security.web.access.intercept.AuthorizationFilter@2f71cdc0]
2026-04-30T17:49:06.767+05:30  INFO 27360 --- [platform] [           main] o.s.b.w.embedded.tomcat.TomcatWebServer  : Tomcat started on port 8082 (http) with context path ''
2026-04-30T17:49:06.780+05:30  INFO 27360 --- [platform] [           main] c.a.platform.PlatformApplication         : Started PlatformApplication in 10.035 seconds (process running for 10.547)
2026-04-30T17:49:43.185+05:30  INFO 27360 --- [platform] [nio-8082-exec-4] o.a.c.c.C.[Tomcat].[localhost].[/]       : Initializing Spring DispatcherServlet 'dispatcherServlet'
2026-04-30T17:49:43.186+05:30  INFO 27360 --- [platform] [nio-8082-exec-4] o.s.web.servlet.DispatcherServlet        : Initializing Servlet 'dispatcherServlet'
2026-04-30T17:49:43.188+05:30  INFO 27360 --- [platform] [nio-8082-exec-4] o.s.web.servlet.DispatcherServlet        : Completed initialization in 1 ms
2026-04-30T17:49:43.390+05:30  WARN 27360 --- [platform] [nio-8082-exec-4] .w.s.m.s.DefaultHandlerExceptionResolver : Resolved [org.springframework.http.converter.HttpMessageNotReadableException: JSON parse error: Unexpected character ('e' (code 101)): was expecting double-quote to start field name]
2026-04-30T17:49:43.513+05:30  WARN 27360 --- [platform] [nio-8082-exec-3] .w.s.m.s.DefaultHandlerExceptionResolver : Resolved [org.springframework.http.converter.HttpMessageNotReadableException: JSON parse error: Unexpected character ('e' (code 101)): was expecting double-quote to start field name]
2026-04-30T17:49:43.556+05:30  WARN 27360 --- [platform] [nio-8082-exec-2] .w.s.m.s.DefaultHandlerExceptionResolver : Resolved [org.springframework.http.converter.HttpMessageNotReadableException: JSON parse error: Unexpected character ('e' (code 101)): was expecting double-quote to start field name]
2026-04-30T17:49:43.605+05:30  WARN 27360 --- [platform] [nio-8082-exec-7] .w.s.m.s.DefaultHandlerExceptionResolver : Resolved [org.springframework.http.converter.HttpMessageNotReadableException: JSON parse error: Unexpected character ('p' (code 112)): was expecting double-quote to start field name]
2026-04-30T17:49:53.188+05:30  WARN 27360 --- [platform] [nio-8082-exec-6] .w.s.m.s.DefaultHandlerExceptionResolver : Resolved [org.springframework.http.converter.HttpMessageNotReadableException: JSON parse error: Unexpected character ('e' (code 101)): was expecting double-quote to start field name]
2026-04-30T17:49:53.393+05:30  WARN 27360 --- [platform] [nio-8082-exec-8] .w.s.m.s.DefaultHandlerExceptionResolver : Resolved [org.springframework.http.converter.HttpMessageNotReadableException: JSON parse error: Unexpected character ('p' (code 112)): was expecting double-quote to start field name]
2026-04-30T22:00:34.444+05:30  WARN 27360 --- [platform] [l-1 housekeeper] com.zaxxer.hikari.pool.HikariPool        : HikariPool-1 - Thread starvation or clock leap detected (housekeeper delta=1m2s20ms17µs300ns).
2026-05-01T10:44:38.737+05:30  WARN 27360 --- [platform] [l-1 housekeeper] com.zaxxer.hikari.pool.HikariPool        : HikariPool-1 - Thread starvation or clock leap detected (housekeeper delta=12h44m5s628ms261µs700ns).
